Battery(ies) shall be the alternate/backup power source. <test1> 'test2' 'test3' test4' ' '