Battery(ies) shall be the alternate/backup power source.